$ bun scripts/generate-boot-locale.ts && tsc --noEmit && vite build
vite v7.3.6 building client environment for production...
transforming...
../../node_modules/.bun/zod@4.6.5/node_modules/zod/v4/core/util.js (400:0): A comment

"// Wrapped in a `@__PURE__` IIFE: esbuild never tree-shakes a top-level initializer that contains a member access on `Number`, so the bare object literal survived into every bundle."

in "../../node_modules/.bun/zod@4.6.5/node_modules/zod/v4/core/util.js" contains an annotation that Rollup cannot interpret due to the position of the comment. The comment will be removed to avoid issues.
../../node_modules/.bun/zod@4.6.5/node_modules/zod/v4/core/regexes.js (74:0): A comment

"/** Anchors a pattern source. The interpolation lives here rather than at the call site because
 * esbuild will not drop a `@__PURE__` call whose own argument interpolates a variable, but it
 * will drop `anchor(dateSource)`. Keeping it inline pinned `date` into every bundle. */"

in "../../node_modules/.bun/zod@4.6.5/node_modules/zod/v4/core/regexes.js" contains an annotation that Rollup cannot interpret due to the position of the comment. The comment will be removed to avoid issues.
✓ 11558 modules transformed.
rendering chunks...
[plugin vite:reporter] 
(!) C:/Users/33039/Desktop/QoneAgent/apps/desktop/src/components/assistant-ui/elements/diff-viewer.tsx is dynamically imported by C:/Users/33039/Desktop/QoneAgent/apps/desktop/src/components/assistant-ui/run-changes-panel.tsx but also statically imported by C:/Users/33039/Desktop/QoneAgent/apps/desktop/src/components/assistant-ui/elements/tool-result.tsx, C:/Users/33039/Desktop/QoneAgent/apps/desktop/src/components/assistant-ui/workspace-dock.tsx, dynamic import will not move module into another chunk.

[plugin vite:reporter] 
(!) C:/Users/33039/Desktop/QoneAgent/node_modules/.bun/react-markdown@10.1.0+0ac650c021fb1b59/node_modules/react-markdown/index.js is dynamically imported by C:/Users/33039/Desktop/QoneAgent/apps/desktop/src/lib/code-preview.ts but also statically imported by C:/Users/33039/Desktop/QoneAgent/apps/desktop/src/components/assistant-ui/elements/conversation-map.tsx, C:/Users/33039/Desktop/QoneAgent/apps/desktop/src/components/assistant-ui/elements/generative-ui.tsx, C:/Users/33039/Desktop/QoneAgent/apps/desktop/src/components/assistant-ui/reasoning.tsx, C:/Users/33039/Desktop/QoneAgent/apps/desktop/src/lib/document-markdown.ts, C:/Users/33039/Desktop/QoneAgent/apps/desktop/src/lib/markdown-file-reference.ts, C:/Users/33039/Desktop/QoneAgent/node_modules/.bun/@assistant-ui+react-markdown@0.14.16+2eb24b3b88fc2c90/node_modules/@assistant-ui/react-markdown/dist/primitives/MarkdownText.js, dynamic import will not move module into another chunk.

[plugin vite:reporter] 
(!) C:/Users/33039/Desktop/QoneAgent/apps/desktop/src/lib/markdown-gfm.ts is dynamically imported by C:/Users/33039/Desktop/QoneAgent/apps/desktop/src/lib/code-preview.ts but also statically imported by C:/Users/33039/Desktop/QoneAgent/apps/desktop/src/components/assistant-ui/elements/generative-ui.tsx, C:/Users/33039/Desktop/QoneAgent/apps/desktop/src/components/assistant-ui/elements/markdown-text.tsx, dynamic import will not move module into another chunk.

computing gzip size...
dist/assets/toolbox-light-16-CaH_8xsQ.svg                        4.18 kB │ gzip:     1.89 kB
dist/assets/KaTeX_Size3-Regular-CTq5MqoE.woff                    4.42 kB
dist/assets/file-react-26-928-eT9PP2Oe.svg                       4.65 kB │ gzip:     2.00 kB
dist/assets/KaTeX_Size4-Regular-Dl5lxZxV.woff2                   4.93 kB
dist/assets/playwright-logo-D0Du3LFd.svg                         5.03 kB │ gzip:     2.04 kB
dist/assets/KaTeX_Size2-Regular-Dy4dx90m.woff2                   5.21 kB
dist/assets/KaTeX_Size1-Regular-mCD8mA8B.woff2                   5.47 kB
dist/assets/KaTeX_Size4-Regular-BF-4gkZK.woff                    5.98 kB
dist/index.html                                                  6.01 kB │ gzip:     1.60 kB
dist/assets/meta-color-DjXqXA8M.svg                              6.02 kB │ gzip:     1.91 kB
dist/assets/KaTeX_Size2-Regular-oD1tc_U0.woff                    6.19 kB
dist/assets/KaTeX_Size1-Regular-C195tn64.woff                    6.50 kB
dist/assets/KaTeX_Caligraphic-Regular-Di6jR-x-.woff2             6.91 kB
dist/assets/KaTeX_Caligraphic-Bold-Dq_IR9rO.woff2                6.91 kB
dist/assets/outlook-logo-Sc7drmWX.svg                            7.51 kB │ gzip:     2.13 kB
dist/assets/KaTeX_Size3-Regular-DgpXs0kz.ttf                     7.59 kB
dist/assets/KaTeX_Caligraphic-Regular-CTRA-rTL.woff              7.66 kB
dist/assets/KaTeX_Caligraphic-Bold-BEiXGLvX.woff                 7.72 kB
dist/assets/KaTeX_Script-Regular-D3wIWfF6.woff2                  9.64 kB
dist/assets/KaTeX_SansSerif-Regular-DDBCnlJ7.woff2              10.34 kB
dist/assets/KaTeX_Size4-Regular-DWFBv043.ttf                    10.36 kB
dist/assets/KaTeX_Script-Regular-D5yQViql.woff                  10.59 kB
dist/assets/KaTeX_Fraktur-Regular-CTYiF6lA.woff2                11.32 kB
dist/assets/KaTeX_Fraktur-Bold-CL6g_b3V.woff2                   11.35 kB
dist/assets/KaTeX_Size2-Regular-B7gKUWhC.ttf                    11.51 kB
dist/assets/KaTeX_SansSerif-Italic-C3H0VqGB.woff2               12.03 kB
dist/assets/KaTeX_SansSerif-Bold-D1sUS0GD.woff2                 12.22 kB
dist/assets/KaTeX_Size1-Regular-Dbsnue_I.ttf                    12.23 kB
dist/assets/KaTeX_SansSerif-Regular-CS6fqUqJ.woff               12.32 kB
dist/assets/KaTeX_Caligraphic-Regular-wX97UBjC.ttf              12.34 kB
dist/assets/KaTeX_Caligraphic-Bold-ATXxdsX0.ttf                 12.37 kB
dist/assets/file-rust-26-928-Hs4QvF9y.svg                       13.04 kB │ gzip:     5.57 kB
dist/assets/KaTeX_Fraktur-Regular-Dxdc4cR9.woff                 13.21 kB
dist/assets/KaTeX_Fraktur-Bold-BsDP51OF.woff                    13.30 kB
dist/assets/KaTeX_Typewriter-Regular-CO6r4hn1.woff2             13.57 kB
dist/assets/KaTeX_SansSerif-Italic-DN2j7dab.woff                14.11 kB
dist/assets/KaTeX_SansSerif-Bold-DbIhKOiC.woff                  14.41 kB
dist/assets/KaTeX_Typewriter-Regular-C0xS9mPB.woff              16.03 kB
dist/assets/KaTeX_Math-BoldItalic-CZnvNsCZ.woff2                16.40 kB
dist/assets/KaTeX_Math-Italic-t53AETM-.woff2                    16.44 kB
dist/assets/KaTeX_Script-Regular-C5JkGWo-.ttf                   16.65 kB
dist/assets/KaTeX_Main-BoldItalic-DxDJ3AOS.woff2                16.78 kB
dist/assets/KaTeX_Main-Italic-NWA7e6Wa.woff2                    16.99 kB
dist/assets/KaTeX_Math-BoldItalic-iY-2wyZ7.woff                 18.67 kB
dist/assets/KaTeX_Math-Italic-DA0__PXp.woff                     18.75 kB
dist/assets/KaTeX_Main-BoldItalic-SpSLRI95.woff                 19.41 kB
dist/assets/KaTeX_SansSerif-Regular-BNo7hRIc.ttf                19.44 kB
dist/assets/KaTeX_Fraktur-Regular-CB_wures.ttf                  19.57 kB
dist/assets/KaTeX_Fraktur-Bold-BdnERNNW.ttf                     19.58 kB
dist/assets/KaTeX_Main-Italic-BMLOBm91.woff                     19.68 kB
dist/assets/KaTeX_SansSerif-Italic-YYjJ1zSn.ttf                 22.36 kB
dist/assets/KaTeX_SansSerif-Bold-CFMepnvq.ttf                   24.50 kB
dist/assets/KaTeX_Main-Bold-Cx986IdX.woff2                      25.32 kB
dist/assets/KaTeX_Main-Regular-B22Nviop.woff2                   26.27 kB
dist/assets/KaTeX_Typewriter-Regular-D3Ib7_Hf.ttf               27.56 kB
dist/assets/KaTeX_AMS-Regular-BQhdFMY1.woff2                    28.08 kB
dist/assets/KaTeX_Main-Bold-Jm3AIy58.woff                       29.91 kB
dist/assets/KaTeX_Main-Regular-Dr94JaBh.woff                    30.77 kB
dist/assets/KaTeX_Math-BoldItalic-B3XSjfu4.ttf                  31.20 kB
dist/assets/KaTeX_Math-Italic-flOr_0UB.ttf                      31.31 kB
dist/assets/KaTeX_Main-BoldItalic-DzxPMmG6.ttf                  32.97 kB
dist/assets/KaTeX_AMS-Regular-DMm9YOAa.woff                     33.52 kB
dist/assets/KaTeX_Main-Italic-3WenGoN9.ttf                      33.58 kB
dist/assets/KaTeX_Main-Bold-waoOVXN0.ttf                        51.34 kB
dist/assets/KaTeX_Main-Regular-ypZvNtVU.ttf                     53.58 kB
dist/assets/KaTeX_AMS-Regular-DRggAlZN.ttf                      63.63 kB
dist/assets/model-logo-Bi31R1uC.css                              0.28 kB │ gzip:     0.16 kB
dist/assets/SettingsDialog-BQOJApPb.css                          9.48 kB │ gzip:     2.14 kB
dist/assets/Thread-BvSeho_A.css                                 24.40 kB │ gzip:     5.11 kB
dist/assets/index-Cbqmro-L.css                                 276.42 kB │ gzip:    48.39 kB
dist/assets/csv-Dw8LZ_Eu.js                                      0.14 kB │ gzip:     0.15 kB
dist/assets/plus-Jr2bW9SA.js                                     0.19 kB │ gzip:     0.17 kB
dist/assets/hsts-FU3CX1wQ.js                                     0.21 kB │ gzip:     0.19 kB
dist/assets/rotate-ccw-Cb0h9E_X.js                               0.23 kB │ gzip:     0.21 kB
dist/assets/_commonjs-dynamic-modules-TDtrdbi3.js                0.24 kB │ gzip:     0.19 kB
dist/assets/hpkp-CSIckPMp.js                                     0.25 kB │ gzip:     0.22 kB
dist/assets/shiki-highlighter.aui-BCdGhcDB.js                    0.25 kB │ gzip:     0.21 kB
dist/assets/arff-D9pTofUM.js                                     0.26 kB │ gzip:     0.23 kB
dist/assets/t4-vb-DPofzH2i.js                                    0.27 kB │ gzip:     0.21 kB
dist/assets/gcode-BatMDML4.js                                    0.29 kB │ gzip:     0.25 kB
dist/assets/brainfuck-DtVLjakj.js                                0.30 kB │ gzip:     0.21 kB
dist/assets/git-DQPXVJgu.js                                      0.30 kB │ gzip:     0.25 kB
dist/assets/jsonp-fyhmRqi4.js                                    0.32 kB │ gzip:     0.24 kB
dist/assets/nand2tetris-hdl-iPf-TLUa.js                          0.34 kB │ gzip:     0.28 kB
dist/assets/bnf-D1cGEi7p.js                                      0.37 kB │ gzip:     0.25 kB
dist/assets/yang-CGTsAcEt.js                                     0.37 kB │ gzip:     0.28 kB
dist/assets/objectWithoutPropertiesLoose-Cv5OCJ0e.js             0.38 kB │ gzip:     0.25 kB
dist/assets/properties-CIcMWrfC.js                               0.38 kB │ gzip:     0.25 kB
dist/assets/t4-cs-DB04BcYN.js                                    0.39 kB │ gzip:     0.27 kB
dist/assets/racket-ahDxqqJG.js                                   0.39 kB │ gzip:     0.27 kB
dist/assets/prolog-DtGWfV1o.js                                   0.42 kB │ gzip:     0.31 kB
dist/assets/editorconfig-R8mkNbUP.js                             0.42 kB │ gzip:     0.28 kB
dist/assets/false-BiQbvuNO.js                                    0.43 kB │ gzip:     0.32 kB
dist/assets/cilkc-ijrmOhz5.js                                    0.44 kB │ gzip:     0.31 kB
dist/assets/ebnf-DO_PsQkW.js                                     0.44 kB │ gzip:     0.31 kB
dist/assets/ignore-BqXAsjMb.js                                   0.44 kB │ gzip:     0.28 kB
dist/assets/tap-35ktNyxF.js                                      0.49 kB │ gzip:     0.36 kB
dist/assets/go-module-D2YD1GIq.js                                0.50 kB │ gzip:     0.32 kB
dist/assets/matlab-t_kQDiye.js                                   0.50 kB │ gzip:     0.38 kB
dist/assets/cilkcpp-Bsg8XNhS.js                                  0.52 kB │ gzip:     0.33 kB
dist/assets/json5--qHg0QdW.js                                    0.52 kB │ gzip:     0.39 kB
dist/assets/json-unC8z3UW.js                                     0.52 kB │ gzip:     0.32 kB
dist/assets/roboconf-DW_t4B6S.js                                 0.52 kB │ gzip:     0.33 kB
dist/assets/xml-doc-B2GSxrs5.js                                  0.52 kB │ gzip:     0.34 kB
dist/assets/bbcode-Djednklw.js                                   0.52 kB │ gzip:     0.28 kB
dist/assets/codeowners-Bp6g37R7.js                               0.55 kB │ gzip:     0.32 kB
dist/assets/hoon-C_YqcpSB.js                                     0.55 kB │ gzip:     0.37 kB
dist/assets/linker-script-Bo2Cg2RB.js                            0.57 kB │ gzip:     0.39 kB
dist/assets/gedcom-yhN6cO2u.js                                   0.59 kB │ gzip:     0.28 kB
dist/assets/r-C3cUB5Zv.js                                        0.59 kB │ gzip:     0.44 kB
dist/assets/gettext-Cf4WLCVC.js                                  0.60 kB │ gzip:     0.31 kB
dist/assets/jexl-Dooz6QYL.js                                     0.60 kB │ gzip:     0.37 kB
dist/assets/php-extras-X2GRh3qR.js                               0.61 kB │ gzip:     0.46 kB
dist/assets/llvm-DfhNGoLY.js                                     0.62 kB │ gzip:     0.43 kB
dist/assets/rego-DOEblCYd.js                                     0.65 kB │ gzip:     0.41 kB
dist/assets/lua-DkSH5e9Z.js                                      0.66 kB │ gzip:     0.46 kB
dist/assets/diff-DU2I1BEy.js                                     0.67 kB │ gzip:     0.45 kB
dist/assets/ini-DeUbYg71.js                                      0.67 kB │ gzip:     0.32 kB
dist/assets/etlua-Dx3DCVmg.js                                    0.69 kB │ gzip:     0.42 kB
dist/assets/warpscript-D23ofe9C.js                               0.69 kB │ gzip:     0.52 kB
dist/assets/t4-templating-DXZYDXwi.js                            0.71 kB │ gzip:     0.45 kB
dist/assets/processing-Bm_loUxh.js                               0.71 kB │ gzip:     0.50 kB
dist/assets/shellsession-BADoaaVG.js                             0.71 kB │ gzip:     0.43 kB
dist/assets/smalltalk-DSGDd11X.js                                0.71 kB │ gzip:     0.45 kB
dist/assets/tsv-B_m7g4N7.js                                      0.74 kB │ gzip:     0.34 kB
dist/assets/ejs-g13fVb25.js                                      0.74 kB │ gzip:     0.44 kB
dist/assets/awk-RejkSNHS.js                                      0.76 kB │ gzip:     0.50 kB
dist/assets/idris-BvO_nhXe.js                                    0.76 kB │ gzip:     0.49 kB
dist/assets/nasm-D0gYjmoW.js                                     0.77 kB │ gzip:     0.52 kB
dist/assets/solution-file-DmMuq2VX.js                            0.77 kB │ gzip:     0.44 kB
dist/assets/n4js-rHJ5AhUv.js                                     0.78 kB │ gzip:     0.51 kB
dist/assets/birb-QrV5JKI1.js                                     0.79 kB │ gzip:     0.56 kB
dist/assets/less-DRLW25Ni.js                                     0.79 kB │ gzip:     0.44 kB
dist/assets/nginx-CoBZ6AFK.js                                    0.80 kB │ gzip:     0.43 kB
dist/assets/erb-1hA5jm6r.js                                      0.80 kB │ gzip:     0.47 kB
dist/assets/agda-k_jjgnDe.js                                     0.80 kB │ gzip:     0.53 kB
dist/assets/bison-C0QwoqyY.js                                    0.81 kB │ gzip:     0.51 kB
dist/assets/systemd-DQ1JyINt.js                                  0.82 kB │ gzip:     0.46 kB
dist/assets/ichigojam-D0FOfbQl.js                                0.83 kB │ gzip:     0.62 kB
dist/assets/jsstacktrace-CqWoPoNb.js                             0.83 kB │ gzip:     0.46 kB
dist/assets/erlang-BpB3ElcB.js                                   0.83 kB │ gzip:     0.51 kB
dist/assets/rip-CYCKi2kX.js                                      0.84 kB │ gzip:     0.47 kB
dist/assets/apl-CuyPV94V.js                                      0.84 kB │ gzip:     0.59 kB
dist/assets/openqasm-DjNCnqOa.js                                 0.86 kB │ gzip:     0.61 kB
dist/assets/pcaxis-27Yn2hgx.js                                   0.87 kB │ gzip:     0.44 kB
dist/assets/j-Bn8iV7pN.js                                        0.88 kB │ gzip:     0.57 kB
dist/assets/oz-B6RkJNvq.js                                       0.89 kB │ gzip:     0.59 kB
dist/assets/autoit-xYi3PElL.js                                   0.90 kB │ gzip:     0.59 kB
dist/assets/html-derivative-DlHx6ybY.js                          0.90 kB │ gzip:     0.50 kB
dist/assets/dns-zone-file-Bw5UZhG6.js                            0.91 kB │ gzip:     0.56 kB
dist/assets/objectivec-BBu7cxaK.js                               0.91 kB │ gzip:     0.60 kB
dist/assets/parigp-Ytgdt0jp.js                                   0.92 kB │ gzip:     0.55 kB
dist/assets/dataweave-CcC7SfmY.js                                0.92 kB │ gzip:     0.57 kB
dist/assets/mel-CPhtU48D.js                                      0.92 kB │ gzip:     0.55 kB
dist/assets/javadoclike-DpeksqCO.js                              0.93 kB │ gzip:     0.55 kB
dist/assets/supercollider-Cvvpnkmn.js                            0.93 kB │ gzip:     0.56 kB
dist/assets/wolfram-CqWV1pYw.js                                  0.93 kB │ gzip:     0.59 kB
dist/assets/asm6502-BNjdFOYJ.js                                  0.93 kB │ gzip:     0.64 kB
dist/assets/bbj-Dj0P-6Nu.js                                      0.94 kB │ gzip:     0.63 kB
dist/assets/monkey-DsZRYNO_.js                                   0.95 kB │ gzip:     0.64 kB
dist/assets/abnf-ByBmZo4A.js                                     0.96 kB │ gzip:     0.54 kB
dist/assets/ada-CU0KiQTr.js                                      0.97 kB │ gzip:     0.61 kB
dist/assets/phpdoc-Ox3Xzwrt.js                                   0.98 kB │ gzip:     0.59 kB
dist/assets/turtle-CA6p8Xl5.js                                   0.98 kB │ gzip:     0.55 kB
dist/assets/git-rebase-r7XF79zn.js                               0.98 kB │ gzip:     0.44 kB
dist/assets/gdscript-DkB3jY81.js                                 0.99 kB │ gzip:     0.64 kB
dist/assets/firestore-security-rules-Dug2NkZw.js                 0.99 kB │ gzip:     0.57 kB
dist/assets/icon-DKJcGS9E.js                                     1.00 kB │ gzip:     0.66 kB
dist/assets/qmldir-C8lEn-DE.js                                   1.00 kB │ gzip:     0.45 kB
dist/assets/makefile-BQ0VlwQL.js                                 1.01 kB │ gzip:     0.60 kB
dist/assets/eiffel-BKuK1Wqv.js                                   1.01 kB │ gzip:     0.65 kB
dist/assets/reason-CxprAaNT.js                                   1.02 kB │ gzip:     0.67 kB
dist/assets/toml-kBSn_XrP.js                                     1.03 kB │ gzip:     0.55 kB
dist/assets/actionscript-BJei0iuS.js                             1.04 kB │ gzip:     0.65 kB
dist/assets/excel-formula-BqQTSGo9.js                            1.06 kB │ gzip:     0.56 kB
dist/assets/sparql-CGZ43eCZ.js                                   1.07 kB │ gzip:     0.72 kB
dist/assets/avro-idl-BkPpH45Y.js                                 1.07 kB │ gzip:     0.59 kB
dist/assets/keyman-BsEmspV4.js                                   1.07 kB │ gzip:     0.62 kB
dist/assets/neon-Db-JNE2d.js                                     1.07 kB │ gzip:     0.53 kB
dist/assets/elm-DGnLacLx.js                                      1.08 kB │ gzip:     0.65 kB
dist/assets/julia-D2MtGQrh.js                                    1.08 kB │ gzip:     0.71 kB
dist/assets/gap-DW9OqWJ2.js                                      1.09 kB │ gzip:     0.61 kB
dist/assets/cypher-HWlOXrx_.js                                   1.10 kB │ gzip:     0.72 kB
dist/assets/latex-BYrRujF3.js                                    1.11 kB │ gzip:     0.53 kB
dist/assets/mizar-BSFjByd4.js                                    1.11 kB │ gzip:     0.68 kB
dist/assets/aql-D62mW5Kv.js                                      1.11 kB │ gzip:     0.71 kB
dist/assets/gn-BrxZGIXV.js                                       1.12 kB │ gzip:     0.59 kB
dist/assets/shell-session-sAf2kHsk.js                            1.12 kB │ gzip:     0.63 kB
dist/assets/twig-9xJeR9W1.js                                     1.13 kB │ gzip:     0.70 kB
dist/assets/flow-B6qKWqMT.js                                     1.13 kB │ gzip:     0.63 kB
dist/assets/csv-fuZLfV_i.js                                      1.14 kB │ gzip:     0.37 kB
dist/assets/brightscript-Be8ttFK-.js                             1.15 kB │ gzip:     0.63 kB
dist/assets/vhdl-Cb0lHbls.js                                     1.15 kB │ gzip:     0.73 kB
dist/assets/go-Dt1cI5G-.js                                       1.17 kB │ gzip:     0.77 kB
dist/assets/handlebars-BIl_knU1.js                               1.17 kB │ gzip:     0.66 kB
dist/assets/bro-gsWPzb9I.js                                      1.18 kB │ gzip:     0.76 kB
dist/assets/xojo-DfPGhlcN.js                                     1.19 kB │ gzip:     0.80 kB
dist/assets/magma-Dur57XNM.js                                    1.20 kB │ gzip:     0.68 kB
dist/assets/protobuf-C8PXG28m.js                                 1.20 kB │ gzip:     0.65 kB
dist/assets/sass-B4vMtMwp.js                                     1.20 kB │ gzip:     0.54 kB
dist/assets/nim-BJEp5zPr.js                                      1.21 kB │ gzip:     0.73 kB
dist/assets/qore-O9KTzxlK.js                                     1.21 kB │ gzip:     0.76 kB
dist/assets/git-commit-F4YmCXRG.js                               1.23 kB │ gzip:     0.53 kB
dist/assets/lolcode-B_gW1Awe.js                                  1.23 kB │ gzip:     0.73 kB
dist/assets/mata-BewqVM6b.js                                     1.24 kB │ gzip:     0.72 kB
dist/assets/ocaml-CAGXjUUl.js                                    1.24 kB │ gzip:     0.73 kB
dist/assets/jq-QEdLrmO9.js                                       1.25 kB │ gzip:     0.68 kB
dist/assets/antlr4-CuC5mCZ4.js                                   1.27 kB │ gzip:     0.67 kB
dist/assets/wasm-lhfMQC1w.js                                     1.27 kB │ gzip:     0.73 kB
dist/assets/dot-DGlek7oi.js                                      1.28 kB │ gzip:     0.64 kB
dist/assets/solidity-B0IkkQ2o.js                                 1.28 kB │ gzip:     0.80 kB
dist/assets/markup-templating-BULppZi6.js                        1.29 kB │ gzip:     0.69 kB
dist/assets/squirrel-iA9UBuZK.js                                 1.29 kB │ gzip:     0.76 kB
dist/assets/csp-BZ4Xwly5.js                                      1.30 kB │ gzip:     0.66 kB
dist/assets/uri-u-1XSfqy.js                                      1.30 kB │ gzip:     0.58 kB
dist/assets/dhall-DzGXc3_x.js                                    1.31 kB │ gzip:     0.73 kB
dist/assets/promql-HOgcUVtw.js                                   1.31 kB │ gzip:     0.70 kB
dist/assets/aspnet-B48httE1.js                                   1.32 kB │ gzip:     0.68 kB
dist/assets/peoplecode-BiCKMt4Z.js                               1.32 kB │ gzip:     0.74 kB
dist/assets/glsl-gz9ITCbS.js                                     1.32 kB │ gzip:     0.71 kB
dist/assets/css-B-uKvPiS.js                                      1.33 kB │ gzip:     0.66 kB
dist/assets/fortran-CnsXb_bq.js                                  1.33 kB │ gzip:     0.86 kB
dist/assets/nix-8IeMySzo.js                                      1.34 kB │ gzip:     0.82 kB
dist/assets/armasm-CubR9n-k.js                                   1.34 kB │ gzip:     0.84 kB
dist/assets/lilypond-CKXoR3xD.js                                 1.35 kB │ gzip:     0.69 kB
dist/assets/bicep-aCcM1RLN.js                                    1.35 kB │ gzip:     0.64 kB
dist/assets/regex-DfYL9OeF.js                                    1.37 kB │ gzip:     0.66 kB
dist/assets/wiki-BarMKc6l.js                                     1.37 kB │ gzip:     0.74 kB
dist/assets/xsl-CtQFsRM5.js                                      1.39 kB │ gzip:     0.52 kB
dist/assets/latte-CFyhcSgm.js                                    1.39 kB │ gzip:     0.74 kB
dist/assets/iecst-s_73LwCg.js                                    1.39 kB │ gzip:     0.92 kB
dist/assets/django-BngC_3-x.js                                   1.39 kB │ gzip:     0.74 kB
dist/assets/bqn-DNQe0Rn0.js                                      1.39 kB │ gzip:     0.78 kB
dist/assets/wren-Ct5GyfWS.js                                     1.41 kB │ gzip:     0.71 kB
dist/assets/pascaligo-B6CkPS4l.js                                1.42 kB │ gzip:     0.74 kB
dist/assets/dotenv-Da5cRb03.js                                   1.42 kB │ gzip:     0.53 kB
dist/assets/cfscript-cXXDRWLC.js                                 1.43 kB │ gzip:     0.84 kB
dist/assets/scss-B7E2Cygf.js                                     1.43 kB │ gzip:     0.70 kB
dist/assets/smali-uc0A7z4n.js                                    1.43 kB │ gzip:     0.68 kB
dist/assets/velocity-CHOnXRtE.js                                 1.45 kB │ gzip:     0.72 kB
dist/assets/chaiscript-DpQsw6MV.js                               1.46 kB │ gzip:     0.75 kB
dist/assets/hcl-DXafqayE.js                                      1.46 kB │ gzip:     0.64 kB
dist/assets/tt2-jgh6O2qc.js                                      1.46 kB │ gzip:     0.83 kB
dist/assets/typoscript-DKzEdnAv.js                               1.46 kB │ gzip:     0.78 kB
dist/assets/sparql-rVzFXLq3.js                                   1.48 kB │ gzip:     0.82 kB
dist/assets/odin-CZSoG9XB.js                                     1.51 kB │ gzip:     0.84 kB
dist/assets/ini-BEwlwnbL.js                                      1.53 kB │ gzip:     0.50 kB
dist/assets/crystal-70yo1HW7.js                                  1.55 kB │ gzip:     0.91 kB
dist/assets/robotframework-DtNr46ds.js                           1.57 kB │ gzip:     0.66 kB
dist/assets/tcl-B8EePcGy.js                                      1.57 kB │ gzip:     0.90 kB
dist/assets/scala-DuCoWuIP.js                                    1.58 kB │ gzip:     0.87 kB
dist/assets/gradle-Dh9FsyO9.js                                   1.59 kB │ gzip:     0.88 kB
dist/assets/stan-BmHGfHPY.js                                     1.59 kB │ gzip:     0.89 kB
dist/assets/sml-Bh8Euk3Q.js                                      1.60 kB │ gzip:     0.82 kB
dist/assets/kusto-Caq171lo.js                                    1.60 kB │ gzip:     0.95 kB
dist/assets/javastacktrace-DocRCbwu.js                           1.62 kB │ gzip:     0.67 kB
dist/assets/rescript-CJ7wE1M8.js                                 1.63 kB │ gzip:     0.85 kB
dist/assets/docker-BMVWpjzh.js                                   1.64 kB │ gzip:     0.76 kB
dist/assets/qml-Clfg8img.js                                      1.65 kB │ gzip:     0.75 kB
dist/assets/parser-CeKvkyN5.js                                   1.65 kB │ gzip:     0.81 kB
dist/assets/coffeescript-vj75UWth.js                             1.65 kB │ gzip:     0.81 kB
dist/assets/cue-Rr9CICnW.js                                      1.66 kB │ gzip:     0.81 kB
dist/assets/fortran-fixed-form-CkoXwp7k.js                       1.67 kB │ gzip:     0.69 kB
dist/assets/jolie-OV4ONYXT.js                                    1.67 kB │ gzip:     0.95 kB
dist/assets/tremor-CLlbITYT.js                                   1.68 kB │ gzip:     0.89 kB
dist/assets/jsdoc-CeyGA2Qe.js                                    1.70 kB │ gzip:     0.83 kB
dist/assets/cooklang-CPkIs1GA.js                                 1.71 kB │ gzip:     0.68 kB
dist/assets/javadoc-ClJdQarR.js                                  1.73 kB │ gzip:     0.81 kB
dist/assets/kumir-qaC2asBW.js                                    1.73 kB │ gzip:     0.86 kB
dist/assets/maxscript-x9V8ivOu.js                                1.74 kB │ gzip:     0.92 kB
dist/assets/docker-BcOcwvcX.js                                   1.74 kB │ gzip:     0.60 kB
dist/assets/batch-BglyQmEq.js                                    1.74 kB │ gzip:     0.71 kB
dist/assets/bsl-DpGauClE.js                                      1.75 kB │ gzip:     0.81 kB
dist/assets/haxe-CdnUApJ1.js                                     1.77 kB │ gzip:     0.94 kB
dist/assets/splunk-spl-X50Ciclr.js                               1.77 kB │ gzip:     0.96 kB
dist/assets/q-C3Ngj0Xe.js                                        1.78 kB │ gzip:     1.06 kB
dist/assets/io-C5TFFSe8.js                                       1.78 kB │ gzip:     1.11 kB
dist/assets/dart-CfLN_hoX.js                                     1.80 kB │ gzip:     0.96 kB
dist/assets/asmatmel-KXtF3iCh.js                                 1.80 kB │ gzip:     1.08 kB
dist/assets/groovy-DkkZheOQ.js                                   1.83 kB │ gzip:     1.03 kB
dist/assets/desktop-BmXAJ9_W.js                                  1.83 kB │ gzip:     0.76 kB
dist/assets/vbnet-DfXcBIcZ.js                                    1.84 kB │ gzip:     1.11 kB
dist/assets/applescript-D1zNfg-D.js                              1.84 kB │ gzip:     1.01 kB
dist/assets/soy-JpU6ls1n.js                                      1.85 kB │ gzip:     0.99 kB
dist/assets/n1ql-Ba5gUkJI.js                                     1.86 kB │ gzip:     1.16 kB
dist/assets/naniscript-Bd7v2B5D.js                               1.87 kB │ gzip:     0.84 kB
dist/assets/unrealscript-CIDc_bJb.js                             1.87 kB │ gzip:     0.99 kB
dist/assets/hlsl-CvP-S_BQ.js                                     1.88 kB │ gzip:     1.03 kB
dist/assets/hxml-2-FPmUDs.js                                     1.89 kB │ gzip:     0.90 kB
dist/assets/basic-Dv_zySWb.js                                    1.90 kB │ gzip:     1.19 kB
dist/assets/elixir-CKmXB6gz.js                                   1.90 kB │ gzip:     0.91 kB
dist/assets/stata-BwE2Do_A.js                                    1.93 kB │ gzip:     0.88 kB
dist/assets/concurnas-CHjsOZBA.js                                1.95 kB │ gzip:     1.00 kB
dist/assets/visual-basic-B-FkFmyZ.js                             1.97 kB │ gzip:     1.14 kB
dist/assets/pascal-DCkNCawS.js                                   1.98 kB │ gzip:     1.04 kB
dist/assets/http-BFkS8JQr.js                                     2.00 kB │ gzip:     0.93 kB
dist/assets/yaml-JfT7KDqq.js                                     2.01 kB │ gzip:     0.91 kB
dist/assets/powerquery-DMH-D30c.js                               2.02 kB │ gzip:     1.08 kB
dist/assets/livescript-Dm_jgrZD.js                               2.02 kB │ gzip:     0.98 kB
dist/assets/nevod-YwlSH_sQ.js                                    2.04 kB │ gzip:     0.79 kB
dist/assets/ftl-Fn6TMAY9.js                                      2.06 kB │ gzip:     0.95 kB
dist/assets/c-dlciGpJI.js                                        2.07 kB │ gzip:     1.10 kB
dist/assets/v-1CyTzQsU.js                                        2.09 kB │ gzip:     1.14 kB
dist/assets/moonscript-CS3NypUo.js                               2.11 kB │ gzip:     1.13 kB
dist/assets/xeora-BaMU0t5m.js                                    2.12 kB │ gzip:     0.73 kB
dist/assets/kotlin-RlSgweGM.js                                   2.15 kB │ gzip:     1.10 kB
dist/assets/mermaid-Cgf6z3Ba.js                                  2.15 kB │ gzip:     0.96 kB
dist/assets/icu-message-format-CJshnXOG.js                       2.15 kB │ gzip:     0.87 kB
dist/assets/wenyan-BV7otONQ.js                                   2.16 kB │ gzip:     1.09 kB
dist/assets/verilog-CizQ1yAh.js                                  2.17 kB │ gzip:     1.14 kB
dist/assets/cil-DqGDQlp5.js                                      2.18 kB │ gzip:     1.17 kB
dist/assets/vala-dNUMWKjO.js                                     2.19 kB │ gzip:     1.13 kB
dist/assets/powershell-xVQxnjOw.js                               2.22 kB │ gzip:     1.32 kB
dist/assets/jssm-C2t-YnRu.js                                     2.24 kB │ gzip:     0.62 kB
dist/assets/smarty-b6fhrsjH.js                                   2.24 kB │ gzip:     1.06 kB
dist/assets/qsharp-_HSir7GQ.js                                   2.24 kB │ gzip:     1.20 kB
dist/assets/perl-bCxz9luI.js                                     2.30 kB │ gzip:     1.06 kB
dist/assets/web-idl-0kxN3IRj.js                                  2.30 kB │ gzip:     1.03 kB
dist/assets/fsharp-B1ZiJ91t.js                                   2.31 kB │ gzip:     1.27 kB
dist/assets/liquid-Cm-8DJQ_.js                                   2.33 kB │ gzip:     1.24 kB
dist/assets/apex-BeQMKRNo.js                                     2.34 kB │ gzip:     1.28 kB
dist/assets/reg-C-SQnVFl.js                                      2.35 kB │ gzip:     0.70 kB
dist/assets/edge-FbVlp4U3.js                                     2.36 kB │ gzip:     0.70 kB
dist/assets/zig-CzVrjVAZ.js                                      2.38 kB │ gzip:     1.24 kB
dist/assets/plant-uml-CIbGCVwY.js                                2.40 kB │ gzip:     1.21 kB
dist/assets/purescript-BaYvFDOi.js                               2.42 kB │ gzip:     1.24 kB
dist/assets/d-Bdttu0-X.js                                        2.44 kB │ gzip:     1.41 kB
dist/assets/uorazor-DTH8ge0i.js                                  2.46 kB │ gzip:     1.25 kB
dist/assets/haml-BlMRgNaN.js                                     2.47 kB │ gzip:     0.98 kB
dist/assets/rust-Dc-T0lHc.js                                     2.55 kB │ gzip:     1.23 kB
dist/assets/diff-D97Zzqfu.js                                     2.57 kB │ gzip:     0.70 kB
dist/assets/gleam-BspZqrRM.js                                    2.58 kB │ gzip:     0.82 kB
dist/assets/log-CwE7CYDt.js                                      2.58 kB │ gzip:     1.21 kB
dist/assets/graphql-BHrXtyM8.js                                  2.59 kB │ gzip:     1.19 kB
dist/assets/puppet-C82q2pbX.js                                   2.61 kB │ gzip:     1.13 kB
dist/assets/erb-DXfck5VN.js                                      2.61 kB │ gzip:     0.84 kB
dist/assets/hy-DFXneXwc.js                                       2.65 kB │ gzip:     1.18 kB
dist/assets/js-extras-756iKDYP.js                                2.67 kB │ gzip:     1.15 kB
dist/assets/purebasic-quStupAo.js                                2.67 kB │ gzip:     1.30 kB
dist/assets/al-CPjAbOMM.js                                       2.68 kB │ gzip:     1.35 kB
dist/assets/lisp-CelBU7BP.js                                     2.74 kB │ gzip:     1.10 kB
dist/assets/json-Cp-IABpG.js                                     2.82 kB │ gzip:     0.78 kB
dist/assets/openscad-C4EeE6gA.js                                 2.82 kB │ gzip:     1.01 kB
dist/assets/plsql-ByrBg1Ji.js                                    2.84 kB │ gzip:     1.60 kB
dist/assets/js-templates-ddf5VK_r.js                             2.85 kB │ gzip:     1.37 kB
dist/assets/cpp-DYyuIte8.js                                      2.85 kB │ gzip:     1.36 kB
dist/assets/log-2UxHyX5q.js                                      2.85 kB │ gzip:     0.90 kB
dist/assets/cairo-KRGpt6FW.js                                    2.94 kB │ gzip:     0.81 kB
dist/assets/berry-uYugtg8r.js                                    3.01 kB │ gzip:     0.81 kB
dist/assets/jsonl-DcaNXYhu.js                                    3.01 kB │ gzip:     0.79 kB
dist/assets/java-CaHzpsHU.js                                     3.02 kB │ gzip:     1.36 kB
dist/assets/haskell-DmX_adzH.js                                  3.04 kB │ gzip:     1.60 kB
dist/assets/pug-CNcQf-fA.js                                      3.06 kB │ gzip:     1.15 kB
dist/assets/swift-CbdPJeH2.js                                    3.08 kB │ gzip:     1.37 kB
dist/assets/coq-DWQHNVHz.js                                      3.10 kB │ gzip:     1.68 kB
dist/assets/jsonc-Des-eS-w.js                                    3.11 kB │ gzip:     0.80 kB
dist/assets/clojure-BISWNLrf.js                                  3.11 kB │ gzip:     1.55 kB
dist/assets/logo-BtOb2qkB.js                                     3.13 kB │ gzip:     1.47 kB
dist/assets/arturo-BgHHcRA7.js                                   3.22 kB │ gzip:     1.67 kB
dist/assets/po-BTJTHyun.js                                       3.24 kB │ gzip:     0.91 kB
dist/assets/psl-QmaS5USn.js                                      3.24 kB │ gzip:     1.70 kB
dist/assets/json5-C9tS-k6U.js                                    3.25 kB │ gzip:     0.83 kB
dist/assets/mipsasm-CKIfxQSi.js                                  3.26 kB │ gzip:     1.18 kB
dist/assets/cshtml-CNp5WA_Y.js                                   3.26 kB │ gzip:     1.41 kB
dist/assets/tasl-QIJgUcNo.js                                     3.29 kB │ gzip:     0.85 kB
dist/assets/rbs-CpoqiR4B.js                                      3.31 kB │ gzip:     0.73 kB
dist/assets/sql-KgLHHO9i.js                                      3.33 kB │ gzip:     1.91 kB
dist/assets/genie-D0YGMca9.js                                    3.36 kB │ gzip:     1.21 kB
dist/assets/rel-C3B-1QV4.js                                      3.37 kB │ gzip:     1.11 kB
dist/assets/vala-CsfeWuGM.js                                     3.37 kB │ gzip:     1.19 kB
dist/assets/css-extras-DdqOaFfy.js                               3.38 kB │ gzip:     1.57 kB
dist/assets/inform7-DwZs4OHA.js                                  3.40 kB │ gzip:     1.53 kB
dist/assets/splunk-BtCnVYZw.js                                   3.44 kB │ gzip:     1.52 kB
dist/assets/dax-B_CPaQ5Q.js                                      3.50 kB │ gzip:     1.70 kB
dist/assets/wgsl-C0A1i6i2.js                                     3.51 kB │ gzip:     1.54 kB
dist/assets/pure-BTn3ApSk.js                                     3.51 kB │ gzip:     1.75 kB
dist/assets/rest-m34Yb57X.js                                     3.61 kB │ gzip:     1.12 kB
dist/assets/fluent-C4IJs8-o.js                                   3.61 kB │ gzip:     0.90 kB
dist/assets/ssh-config-_ykCGR6B.js                               3.62 kB │ gzip:     1.60 kB
dist/assets/jsonnet-DFQXde-d.js                                  3.62 kB │ gzip:     1.05 kB
dist/assets/kdl-DV7GczEv.js                                      3.63 kB │ gzip:     1.04 kB
dist/assets/glsl-DplSGwfg.js                                     3.63 kB │ gzip:     1.41 kB
dist/assets/mongodb-BLGfx9ug.js                                  3.64 kB │ gzip:     1.67 kB
dist/assets/hurl-irOxFIW8.js                                     3.65 kB │ gzip:     1.16 kB
dist/assets/narrat-DRg8JJMk.js                                   3.67 kB │ gzip:     1.11 kB
dist/assets/turtle-BsS91CYL.js                                   3.70 kB │ gzip:     0.98 kB
dist/assets/textile-5meRP1QL.js                                  3.73 kB │ gzip:     1.32 kB
dist/assets/ruby-CJCJEcXt.js                                     3.78 kB │ gzip:     1.62 kB
dist/assets/stylus-CEuyh1z1.js                                   3.80 kB │ gzip:     1.67 kB
dist/assets/nsis-9QnAse1Y.js                                     3.84 kB │ gzip:     2.12 kB
dist/assets/zenscript-DVFEvuxE.js                                3.91 kB │ gzip:     1.28 kB
dist/assets/ron-D8l8udqQ.js                                      3.91 kB │ gzip:     0.98 kB
dist/assets/gn-n2N0HUVH.js                                       4.00 kB │ gzip:     1.49 kB
dist/assets/scheme-BDxDT0na.js                                   4.09 kB │ gzip:     1.69 kB
dist/assets/xquery-BDPhdWa6.js                                   4.13 kB │ gzip:     1.82 kB
dist/assets/pascal-D93ZcfNL.js                                   4.15 kB │ gzip:     1.67 kB
dist/assets/arduino-lP_M3efe.js                                  4.18 kB │ gzip:     2.07 kB
dist/assets/renpy-5g7V3xQX.js                                    4.35 kB │ gzip:     2.03 kB
dist/assets/tcl-dwOrl1Do.js                                      4.43 kB │ gzip:     1.52 kB
dist/assets/nextflow-C-mBbutL.js                                 4.51 kB │ gzip:     1.17 kB
dist/assets/asciidoc-m5ZR-IYf.js                                 4.52 kB │ gzip:     1.68 kB
dist/assets/rosmsg-BJDFO7_C.js                                   4.52 kB │ gzip:     1.06 kB
dist/assets/http-jrhK8wxY.js                                     4.55 kB │ gzip:     1.12 kB
dist/assets/metafont-B6Kn28aj.js                                 4.57 kB │ gzip:     2.08 kB
dist/assets/polar-C0HS_06l.js                                    4.67 kB │ gzip:     1.12 kB
dist/assets/sdbl-DVxCFoDh.js                                     4.70 kB │ gzip:     2.01 kB
dist/assets/fennel-BYunw83y.js                                   4.77 kB │ gzip:     1.53 kB
dist/assets/bibtex-CHM0blh-.js                                   4.80 kB │ gzip:     0.83 kB
dist/assets/llvm-BZoOZj88.js                                     5.04 kB │ gzip:     2.01 kB
dist/assets/markdown-DpzRqcIo.js                                 5.13 kB │ gzip:     1.98 kB
dist/assets/wgsl-Dx-B1_4e.js                                     5.14 kB │ gzip:     1.39 kB
dist/assets/cobol-1M_I0R5F.js                                    5.16 kB │ gzip:     2.45 kB
dist/assets/gdresource-TyuKm33G.js                               5.29 kB │ gzip:     1.34 kB
dist/assets/qml-3beO22l8.js                                      5.34 kB │ gzip:     1.38 kB
dist/assets/zig-VOosw3JB.js                                      5.34 kB │ gzip:     1.55 kB
dist/assets/dax-CEL-wOlO.js                                      5.37 kB │ gzip:     2.23 kB
dist/assets/bicep-Bmn6On1c.js                                    5.38 kB │ gzip:     1.15 kB
dist/assets/xml-sdJ4AIDG.js                                      5.38 kB │ gzip:     1.21 kB
dist/assets/avisynth-De584Ifk.js                                 5.39 kB │ gzip:     2.72 kB
dist/assets/awk-DMzUqQB5.js                                      5.46 kB │ gzip:     1.38 kB
dist/assets/jinja-f2NsQr07.js                                    5.69 kB │ gzip:     1.40 kB
dist/assets/keepalived-ClhmJ79p.js                               5.72 kB │ gzip:     2.27 kB
dist/assets/lean-BZvkOJ9d.js                                     5.78 kB │ gzip:     1.92 kB
dist/assets/powerquery-CEu0bR-o.js                               5.90 kB │ gzip:     1.52 kB
dist/assets/shaderlab-Dg9Lc6iA.js                                5.92 kB │ gzip:     2.08 kB
dist/assets/cypher-COkxafJQ.js                                   5.96 kB │ gzip:     1.73 kB
dist/assets/coq-C7JzOVbR.js                                      6.01 kB │ gzip:     1.95 kB
dist/assets/vb-Cu-pLBUe.js                                       6.08 kB │ gzip:     2.33 kB
dist/assets/bash-CG6S6Dwl.js                                     6.22 kB │ gzip:     3.09 kB
dist/assets/min-dark-CafNBF8u.js                                 6.29 kB │ gzip:     1.71 kB
dist/assets/gdshader-DkwncUOv.js                                 6.33 kB │ gzip:     1.73 kB
dist/assets/ara-BRHolxvo.js                                      6.36 kB │ gzip:     1.81 kB
dist/assets/verilog-nZwndyjY.js                                  6.41 kB │ gzip:     1.92 kB
dist/assets/clojure-P80f7IUj.js                                  6.41 kB │ gzip:     1.42 kB
dist/assets/postcss-CXtECtnM.js                                  6.42 kB │ gzip:     1.91 kB
dist/assets/red-hvxz__6c.js                                      6.42 kB │ gzip:     1.63 kB
dist/assets/toml-vGWfd6FD.js                                     6.43 kB │ gzip:     1.28 kB
dist/assets/mermaid-diagram.aui-C0oW1s4u.js                      6.47 kB │ gzip:     2.42 kB
dist/assets/proto-C7zT0LnQ.js                                    6.55 kB │ gzip:     1.42 kB
dist/assets/php-Mw27WYZt.js                                      6.58 kB │ gzip:     2.16 kB
dist/assets/chapel-DTp_pixX.js                                   6.62 kB │ gzip:     1.85 kB
dist/assets/solarized-light-Dlz6yCKv.js                          6.63 kB │ gzip:     1.76 kB
dist/assets/csharp-C8XKH63g.js                                   6.72 kB │ gzip:     2.64 kB
dist/assets/r-Cf5RLm7j.js                                        6.74 kB │ gzip:     1.84 kB
dist/assets/talonscript-CkByrt1z.js                              6.76 kB │ gzip:     1.49 kB
dist/assets/riscv-BM1_JUlF.js                                    6.91 kB │ gzip:     1.98 kB
dist/assets/min-light-CTRr51gU.js                                6.97 kB │ gzip:     1.89 kB
dist/assets/soy-8wufbnw4.js                                      6.98 kB │ gzip:     1.66 kB
dist/assets/solarized-dark-CpvCGNkr.js                           7.00 kB │ gzip:     1.83 kB
dist/assets/scheme-C98Dy4si.js                                   7.17 kB │ gzip:     2.05 kB
dist/assets/hlsl-D3lLCCz7.js                                     7.26 kB │ gzip:     2.19 kB
dist/assets/qss-IeuSbFQv.js                                      7.47 kB │ gzip:     2.58 kB
dist/assets/sas-OeW-BDaB.js                                      7.58 kB │ gzip:     3.08 kB
dist/assets/prisma-Vru482bI.js                                   7.74 kB │ gzip:     1.48 kB
dist/assets/systemd-4A_iFExJ.js                                  7.87 kB │ gzip:     2.55 kB
dist/assets/abap-Dh0V8dAw.js                                     7.99 kB │ gzip:     3.58 kB
dist/assets/regexp-CDVJQ6XC.js                                   7.99 kB │ gzip:     1.42 kB
dist/assets/monokai-BRVnQi9A.js                                  8.03 kB │ gzip:     1.94 kB
dist/assets/apacheconf-BmW01Dy1.js                               8.25 kB │ gzip:     3.58 kB
dist/assets/haml-D5jkg6IW.js                                     8.26 kB │ gzip:     1.81 kB
dist/assets/gml-CYMI8Kuq.js                                      8.39 kB │ gzip:     3.87 kB
dist/assets/vue-html-AaS7Mt5G.js                                 8.47 kB │ gzip:     1.68 kB
dist/assets/plsql-ChMvpjG-.js                                    8.51 kB │ gzip:     3.00 kB
dist/assets/core-B2FASNtC.js                                     8.60 kB │ gzip:     3.79 kB
dist/assets/dart-bE4Kk8sk.js                                     8.62 kB │ gzip:     2.00 kB
dist/assets/horizon-BUw7H-hv.js                                  8.78 kB │ gzip:     1.96 kB
dist/assets/kotlin-BdnUsdx6.js                                   8.79 kB │ gzip:     2.13 kB
dist/assets/horizon-bright-CUuTKBJd.js                           8.79 kB │ gzip:     1.97 kB
dist/assets/autohotkey-BF4MK5yp.js                               8.82 kB │ gzip:     4.06 kB
dist/assets/make-CHLpvVh8.js                                     8.96 kB │ gzip:     1.77 kB
dist/assets/andromeeda-C4gqWexZ.js                               9.02 kB │ gzip:     2.36 kB
dist/assets/sas-DEy46yEz.js                                      9.06 kB │ gzip:     3.81 kB
dist/assets/dark-plus-C3mMm8J8.js                                9.10 kB │ gzip:     2.10 kB
dist/assets/slack-dark-BthQWCQV.js                               9.12 kB │ gzip:     1.97 kB
dist/assets/smithy-cds9vsN8.js                                   9.13 kB │ gzip:     1.53 kB
dist/assets/sass-Cj5Yp3dK.js                                     9.29 kB │ gzip:     2.49 kB
dist/assets/plastic-3e1v2bzS.js                                  9.30 kB │ gzip:     1.98 kB
dist/assets/slack-ochin-DqwNpetd.js                              9.43 kB │ gzip:     2.10 kB
dist/assets/tex-D96PA37w.js                                      9.67 kB │ gzip:     3.06 kB
dist/assets/jison-wvAkD_A8.js                                    9.69 kB │ gzip:     1.85 kB
dist/assets/cmake-D1j8_8rp.js                                    9.86 kB │ gzip:     3.37 kB
dist/assets/gherkin-BwKR3_MM.js                                  9.89 kB │ gzip:     5.39 kB
dist/assets/light-plus-B7mTdjB0.js                               9.94 kB │ gzip:     2.27 kB
dist/assets/hcl-BWvSN4gD.js                                     10.05 kB │ gzip:     1.93 kB
dist/assets/factor-CMYHRXyr.js                                  10.13 kB │ gzip:     3.65 kB
dist/assets/opencl-dYuJu7TC.js                                  10.14 kB │ gzip:     4.35 kB
dist/assets/pkl-u5AG7uiY.js                                     10.37 kB │ gzip:     1.38 kB
dist/assets/beancount-k_qm7-4y.js                               10.37 kB │ gzip:     1.44 kB
dist/assets/nextflow-groovy-vE_lwT2v.js                         10.44 kB │ gzip:     2.14 kB
dist/assets/dream-maker-BtqSS_iP.js                             10.47 kB │ gzip:     2.25 kB
dist/assets/raku-DXvB9xmW.js                                    10.47 kB │ gzip:     2.94 kB
dist/assets/yaml-Buea-lGh.js                                    10.51 kB │ gzip:     2.27 kB
dist/assets/cmake-Bnw4AgQs.js                                   10.54 kB │ gzip:     4.14 kB
dist/assets/rst-bs7f0vWN.js                                     10.67 kB │ gzip:     2.42 kB
dist/assets/elm-DbKCFpqz.js                                     10.97 kB │ gzip:     2.12 kB
dist/assets/github-light-DAi9KRSo.js                            11.18 kB │ gzip:     2.51 kB
dist/assets/just-Cwhn7H3k.js                                    11.23 kB │ gzip:     2.80 kB
dist/assets/prolog-CbFg5uaA.js                                  11.36 kB │ gzip:     3.83 kB
dist/assets/terraform-BETggiCN.js                               11.39 kB │ gzip:     2.51 kB
dist/assets/github-dark-DHJKELXO.js                             11.41 kB │ gzip:     2.55 kB
dist/assets/puppet-BMWR74SV.js                                  11.44 kB │ gzip:     2.11 kB
dist/assets/laserwave-DUszq2jm.js                               11.50 kB │ gzip:     2.58 kB
dist/assets/gherkin-DyxjwDmM.js                                 11.95 kB │ gzip:     5.05 kB
dist/assets/wasm-MzD3tlZU.js                                    12.01 kB │ gzip:     2.19 kB
dist/assets/hjson-D5-asLiD.js                                   12.05 kB │ gzip:     1.64 kB
dist/assets/surrealql-Cjom0U5J.js                               12.06 kB │ gzip:     3.30 kB
dist/assets/handlebars-BpdQsYii.js                              12.15 kB │ gzip:     2.38 kB
dist/assets/apache-Pmp26Uib.js                                  12.46 kB │ gzip:     3.72 kB
dist/assets/vesper-DRje8inN.js                                  12.73 kB │ gzip:     1.98 kB
dist/assets/bat-CickPsom.js                                     12.89 kB │ gzip:     3.23 kB
dist/assets/fish-BvzEVeQv.js                                    13.04 kB │ gzip:     1.74 kB
dist/assets/nsis-BlV79W_Q.js                                    13.13 kB │ gzip:     4.07 kB
dist/assets/v-BGw2Nkan.js                                       13.33 kB │ gzip:     2.77 kB
dist/assets/vitesse-light-CVO1_9PV.js                           13.62 kB │ gzip:     3.04 kB
dist/assets/aurora-x-D-2ljcwZ.js                                13.66 kB │ gzip:     2.28 kB
dist/assets/vitesse-black-Bkuqu6BP.js                           13.68 kB │ gzip:     3.06 kB
dist/assets/vitesse-dark-D0r3Knsf.js                            13.76 kB │ gzip:     3.06 kB
dist/assets/pug-DKIMFp6K.js                                     13.84 kB │ gzip:     2.58 kB
dist/assets/synthwave-84-CbfX1IO0.js                            14.04 kB │ gzip:     2.87 kB
dist/assets/smalltalk-BOQMe2GC.js                               14.13 kB │ gzip:     2.16 kB
dist/assets/github-light-default-D7oLnXFd.js                    14.16 kB │ gzip:     3.04 kB
dist/assets/vim-C_CWJcZr.js                                     14.27 kB │ gzip:     5.90 kB
dist/assets/github-light-high-contrast-BfjtVDDH.js              14.28 kB │ gzip:     3.02 kB
dist/assets/clarity-Dn5IMItf.js                                 14.36 kB │ gzip:     2.51 kB
dist/assets/github-dark-dimmed-DH5Ifo-i.js                      14.43 kB │ gzip:     3.13 kB
dist/assets/github-dark-default-Cuk6v7N8.js                     14.44 kB │ gzip:     3.13 kB
dist/assets/github-dark-high-contrast-E3gJ1_iC.js               14.60 kB │ gzip:     3.09 kB
dist/assets/gnuplot-DdkO51Og.js                                 14.78 kB │ gzip:     3.27 kB
dist/assets/rust-B1yitclQ.js                                    15.07 kB │ gzip:     2.72 kB
dist/assets/kusto-wEQ09or8.js                                   15.17 kB │ gzip:     3.92 kB
dist/assets/nix-CwoSXNpI.js                                     15.51 kB │ gzip:     2.48 kB
dist/assets/lua-BaeVxFsk.js                                     15.54 kB │ gzip:     3.16 kB
dist/assets/actionscript-3-B3316cI-.js                          15.54 kB │ gzip:     2.71 kB
dist/assets/abap-BdImnpbu.js                                    15.85 kB │ gzip:     5.91 kB
dist/assets/matlab-D7o27uSR.js                                  16.09 kB │ gzip:     3.06 kB
dist/assets/luau-BnpPk5vE.js                                    16.14 kB │ gzip:     3.55 kB
dist/assets/cue-D82EKSYY.js                                     16.20 kB │ gzip:     2.06 kB
dist/assets/elixir-CkH2-t6x.js                                  16.32 kB │ gzip:     2.80 kB
dist/assets/solidity-DijEV5ha.js                                16.41 kB │ gzip:     3.16 kB
dist/assets/odin-BBf5iR-q.js                                    16.51 kB │ gzip:     2.94 kB
dist/assets/ts-tags-D351s5mN.js                                 16.57 kB │ gzip:     2.07 kB
dist/assets/kanagawa-wave-DFGoQZhC.js                           17.12 kB │ gzip:     2.93 kB
dist/assets/kanagawa-lotus-C3DzagqV.js                          17.12 kB │ gzip:     2.93 kB
dist/assets/kanagawa-dragon-BuwD2xS4.js                         17.12 kB │ gzip:     2.95 kB
dist/assets/move-el3G9tDJ.js                                    17.66 kB │ gzip:     3.06 kB
dist/assets/graphql-ChdNCCLP.js                                 18.00 kB │ gzip:     2.52 kB
dist/assets/liquid-C0sCDyMI.js                                  18.09 kB │ gzip:     3.16 kB
dist/assets/svelte-Cy7k_4gC.js                                  18.24 kB │ gzip:     3.14 kB
dist/assets/material-theme-D5KoaKCx.js                          18.62 kB │ gzip:     3.11 kB
dist/assets/material-theme-darker-BfHTSMKl.js                   18.63 kB │ gzip:     3.11 kB
dist/assets/material-theme-ocean-CyktbL80.js                    18.63 kB │ gzip:     3.14 kB
dist/assets/material-theme-lighter-B0m2ddpp.js                  18.63 kB │ gzip:     3.11 kB
dist/assets/material-theme-palenight-Csfq5Kiy.js                18.64 kB │ gzip:     3.13 kB
dist/assets/gdscript-DqcFQ5yU.js                                19.09 kB │ gzip:     3.77 kB
dist/assets/groovy-gcz8RCvz.js                                  19.18 kB │ gzip:     3.60 kB
dist/assets/glimmer-js-ByusRIyA.js                              20.07 kB │ gzip:     2.95 kB
dist/assets/glimmer-ts-BfAWNZQY.js                              20.07 kB │ gzip:     2.94 kB
dist/assets/ayu-dark-DYE7WIF3.js                                20.08 kB │ gzip:     3.94 kB
dist/assets/ayu-mirage-32ctXXKs.js                              20.09 kB │ gzip:     3.94 kB
dist/assets/ayu-light-BA47KaF1.js                               20.15 kB │ gzip:     3.93 kB
dist/assets/powershell-BmBUJMz7.js                              20.16 kB │ gzip:     4.07 kB
dist/assets/mdc-D1_yUvq7.js                                     20.18 kB │ gzip:     6.81 kB
dist/assets/viml-CJc9bBzg.js                                    20.37 kB │ gzip:     6.73 kB
dist/assets/snazzy-light-Bw305WKR.js                            20.77 kB │ gzip:     3.83 kB
dist/assets/nushell-D3jzshHO.js                                 20.88 kB │ gzip:     5.36 kB
dist/assets/dracula-BzJJZx-M.js                                 21.07 kB │ gzip:     4.00 kB
dist/assets/dracula-soft-BXkSAIEj.js                            21.08 kB │ gzip:     4.04 kB
dist/assets/wit-5i3qLPDT.js                                     21.47 kB │ gzip:     2.89 kB
dist/assets/rose-pine-5qJOZa0Y.js                               21.74 kB │ gzip:     3.88 kB
dist/assets/rose-pine-moon-C9pEdX9L.js                          21.75 kB │ gzip:     3.90 kB
dist/assets/rose-pine-dawn-zx0QlTCp.js                          21.75 kB │ gzip:     3.90 kB
dist/assets/twig-27uCiNez.js                                    21.98 kB │ gzip:     3.98 kB
dist/assets/nim-BIad80T-.js                                     22.46 kB │ gzip:     3.16 kB
dist/assets/common-lisp-Cg-RD9OK.js                             22.58 kB │ gzip:     6.06 kB
dist/assets/gruvbox-dark-hard-CFHQjOhq.js                       22.63 kB │ gzip:     4.18 kB
dist/assets/gruvbox-dark-soft-CVdnzihN.js                       22.63 kB │ gzip:     4.17 kB
dist/assets/gruvbox-light-hard-CH1njM8p.js                      22.64 kB │ gzip:     4.18 kB
dist/assets/gruvbox-light-soft-hJgmCMqR.js                      22.64 kB │ gzip:     4.18 kB
dist/assets/gruvbox-dark-medium-GsRaNv29.js                     22.64 kB │ gzip:     4.18 kB
dist/assets/gruvbox-light-medium-DRw_LuNl.js                    22.64 kB │ gzip:     4.18 kB
dist/assets/sql-CRqJ_cUM.js                                     23.43 kB │ gzip:     7.42 kB
dist/assets/cadence-Bv_4Rxtq.js                                 23.67 kB │ gzip:     3.67 kB
dist/assets/astro-HNnZUWAn.js                                   24.01 kB │ gzip:     7.55 kB
dist/assets/apl-CORt7UWP.js                                     24.04 kB │ gzip:     4.20 kB
dist/assets/templ-DhtptRzy.js                                   24.06 kB │ gzip:     5.40 kB
dist/assets/vhdl-CeAyd5Ju.js                                    24.26 kB │ gzip:     3.87 kB
dist/assets/angular-html-DA-rfuFy.js                            24.29 kB │ gzip:     4.01 kB
dist/assets/purescript-CklMAg4u.js                              24.69 kB │ gzip:     3.25 kB
dist/assets/moonbit-CHtswR0a.js                                 24.94 kB │ gzip:     3.79 kB
dist/assets/vue-BqiEGhQt.js                                     24.96 kB │ gzip:     3.04 kB
dist/assets/typespec-CAFt9gP4.js                                25.05 kB │ gzip:     2.63 kB
dist/assets/one-light-C3Wv6jpd.js                               25.30 kB │ gzip:     3.67 kB
dist/assets/fsharp-CXgrBDvD.js                                  25.31 kB │ gzip:     4.13 kB
dist/assets/marko-DjSrsDqO.js                                   25.48 kB │ gzip:     3.59 kB
dist/assets/night-owl-light-CMTm3GFP.js                         25.90 kB │ gzip:     4.26 kB
dist/assets/c3-Dp5svz6Z.js                                      26.39 kB │ gzip:     3.99 kB
dist/assets/system-verilog-0hqHdDBg.js                          26.56 kB │ gzip:     4.88 kB
dist/assets/nord-Ddv68eIx.js                                    26.72 kB │ gzip:     4.40 kB
dist/assets/codeql-DsOJ9woJ.js                                  26.88 kB │ gzip:     3.79 kB
dist/assets/scss-D5BDwBP9.js                                    27.20 kB │ gzip:     4.20 kB
dist/assets/java-CylS5w8V.js                                    27.22 kB │ gzip:     4.26 kB
dist/assets/coffee-Ch7k5sss.js                                  27.42 kB │ gzip:     6.35 kB
dist/assets/razor-BjBPvh-w.js                                   27.51 kB │ gzip:     3.57 kB
dist/assets/scala-CqE71os6.js                                   28.89 kB │ gzip:     3.94 kB
dist/assets/night-owl-C39BiMTA.js                               28.91 kB │ gzip:     5.16 kB
dist/assets/crystal-DGywbUpC.js                                 29.39 kB │ gzip:     4.45 kB
dist/assets/applescript-Co6uUVPk.js                             29.57 kB │ gzip:     5.93 kB
dist/assets/generative-ui-block-BuGUTtDe.js                     29.66 kB │ gzip:     9.66 kB
dist/assets/stylus-BEDo0Tqx.js                                  31.07 kB │ gzip:     7.99 kB
dist/assets/julia-5Bft2YPA.js                                   31.08 kB │ gzip:     4.34 kB
dist/assets/ahk-CsyLZFj1.js                                     31.44 kB │ gzip:     7.81 kB
dist/assets/model-logo-zk360C1l.js                              32.14 kB │ gzip:    11.16 kB
dist/assets/poimandres-CS3Unz2-.js                              33.49 kB │ gzip:     5.50 kB
dist/assets/sqf-BEWK_nbg.js                                     33.58 kB │ gzip:    11.18 kB
dist/assets/one-dark-pro-DVMEJ2y_.js                            33.79 kB │ gzip:     5.52 kB
dist/assets/bsl-DlhNcFeZ.js                                     33.95 kB │ gzip:     8.36 kB
dist/assets/nginx-BpAMiNFr.js                                   35.37 kB │ gzip:     4.43 kB
dist/assets/houston-DnULxvSX.js                                 35.42 kB │ gzip:     5.78 kB
dist/assets/tokyo-night-hegEt444.js                             35.67 kB │ gzip:     6.24 kB
dist/assets/haxe-CfZj7gIn.js                                    35.95 kB │ gzip:     6.01 kB
dist/assets/org-DM6o9KBp.js                                     36.32 kB │ gzip:     3.70 kB
dist/assets/erlang-DsQrWhSR.js                                  37.48 kB │ gzip:     4.40 kB
dist/assets/bird2-Bx8U0n9b.js                                   38.68 kB │ gzip:     8.50 kB
dist/assets/cobol-nBiQ_Alo.js                                   39.13 kB │ gzip:    10.86 kB
dist/assets/asm-D_Q5rh1f.js                                     40.72 kB │ gzip:     8.21 kB
dist/assets/shellscript-Yzrsuije.js                             41.48 kB │ gzip:     6.09 kB
dist/assets/haskell-Df6bDoY_.js                                 41.49 kB │ gzip:     6.44 kB
dist/assets/perl-B9cMNwum.js                                    43.16 kB │ gzip:     4.67 kB
dist/assets/d-85-TOEBH.js                                       43.80 kB │ gzip:     8.47 kB
dist/assets/ahk2-8Zs4aa1G.js                                    45.07 kB │ gzip:     9.88 kB
dist/assets/ruby-C0TQ7zu5.js                                    46.72 kB │ gzip:     5.83 kB
dist/assets/go-C27-OAKa.js                                      46.82 kB │ gzip:     5.18 kB
dist/assets/apex-DhZFqWV2.js                                    47.89 kB │ gzip:     6.90 kB
dist/assets/ada-bCR0ucgS.js                                     48.08 kB │ gzip:     6.03 kB
dist/assets/css-CLj8gQPS.js                                     49.04 kB │ gzip:    11.86 kB
dist/assets/imba-DGztddWO.js                                    49.93 kB │ gzip:     9.46 kB
dist/assets/catppuccin-mocha-Ct7hS0mc.js                        50.85 kB │ gzip:     8.49 kB
dist/assets/catppuccin-latte-DH-8KZSZ.js                        50.85 kB │ gzip:     8.49 kB
dist/assets/catppuccin-frappe-CZL1YF0i.js                       50.85 kB │ gzip:     8.51 kB
dist/assets/catppuccin-macchiato-B7yYVSCf.js                    50.86 kB │ gzip:     8.50 kB
dist/assets/everforest-dark-BgDCqdQA.js                         53.75 kB │ gzip:     8.42 kB
dist/assets/everforest-light-C8M2exoo.js                        53.75 kB │ gzip:     8.42 kB
dist/assets/mermaid-CQcHuHx7.js                                 54.81 kB │ gzip:     4.81 kB
dist/assets/wikitext-BhOHFoWU.js                                55.89 kB │ gzip:     4.76 kB
dist/assets/stata-DI20mbqo.js                                   56.99 kB │ gzip:    12.36 kB
dist/assets/html-pp8916En.js                                    57.25 kB │ gzip:    11.69 kB
dist/assets/ballerina-BFfxhgS-.js                               58.69 kB │ gzip:     8.15 kB
dist/assets/engine-javascript-ZX5pI3G3.js                       59.09 kB │ gzip:    20.66 kB
dist/assets/markdown-Cvjx9yec.js                                59.34 kB │ gzip:     5.64 kB
dist/assets/ocaml-C0hk2d4L.js                                   62.45 kB │ gzip:     5.02 kB
dist/assets/mojo-DJz3ZmWd.js                                    69.52 kB │ gzip:     9.27 kB
dist/assets/python-B6aJPvgy.js                                  69.95 kB │ gzip:     9.13 kB
dist/assets/c-BIGW1oBm.js                                       72.11 kB │ gzip:    10.51 kB
dist/assets/latex-D5pSuvFb.js                                   72.90 kB │ gzip:     6.78 kB
dist/assets/vyper-CDx5xZoG.js                                   74.65 kB │ gzip:    10.74 kB
dist/assets/hack-BWmVpMyf.js                                    81.13 kB │ gzip:    26.38 kB
dist/assets/syntax-highlighter-P7qHJfLH.js                      84.29 kB │ gzip:    22.81 kB
dist/assets/swift-C2oV4EkX.js                                   87.23 kB │ gzip:    14.84 kB
dist/assets/fortran-free-form-BxgE0vQu.js                       88.97 kB │ gzip:    11.27 kB
dist/assets/csharp-DSvCPggb.js                                  90.19 kB │ gzip:    10.75 kB
dist/assets/racket-BqYA7rlc.js                                  92.39 kB │ gzip:    15.02 kB
dist/assets/less-B1dDrJ26.js                                    97.63 kB │ gzip:    14.70 kB
dist/assets/blade-2xfisSek.js                                  104.98 kB │ gzip:    28.20 kB
dist/assets/objective-c-DXmwc3jG.js                            105.41 kB │ gzip:    23.33 kB
dist/assets/php-Csjmro_R.js                                    113.09 kB │ gzip:    28.74 kB
dist/assets/asciidoc-CSVQ5wI8.js                               136.05 kB │ gzip:     9.50 kB
dist/assets/mdx-Cmh6b_Ma.js                                    136.11 kB │ gzip:    23.35 kB
dist/assets/SettingsDialog-DAnI_FJO.js                         145.73 kB │ gzip:    43.81 kB
dist/assets/typst-BUadGCkm.js                                  163.55 kB │ gzip:    10.98 kB
dist/assets/objective-cpp-CLxacb5B.js                          171.97 kB │ gzip:    30.62 kB
dist/assets/javascript-wDzz0qaB.js                             174.83 kB │ gzip:    16.51 kB
dist/assets/tsx-COt5Ahok.js                                    175.54 kB │ gzip:    16.51 kB
dist/assets/jsx-g9-lgVsj.js                                    177.79 kB │ gzip:    16.61 kB
dist/assets/typescript-BPQ3VLAy.js                             181.08 kB │ gzip:    16.04 kB
dist/assets/angular-ts-BrjP3tb8.js                             183.82 kB │ gzip:    16.63 kB
dist/assets/vue-vine-BoDAl6tE.js                               190.05 kB │ gzip:    17.99 kB
dist/assets/server.browser-Dw_Ps6Qy.js                         203.74 kB │ gzip:    62.57 kB
dist/assets/_virtual_qone-react-preview-runtime-DW9mItbe.js    224.54 kB │ gzip:    69.72 kB
dist/assets/wolfram-lXgVvXCa.js                                262.39 kB │ gzip:    77.14 kB
dist/assets/Thread-OsuHVzk2.js                                 393.71 kB │ gzip:   128.38 kB
dist/assets/wasm-CG6Dc4jp.js                                   622.34 kB │ gzip:   230.29 kB
dist/assets/cpp-BMRokrvK.js                                    785.49 kB │ gzip:    53.20 kB
dist/assets/emacs-lisp-C_m_b--Z.js                             790.01 kB │ gzip:   198.83 kB
dist/assets/index-UmcwPY8L.js                                1,539.66 kB │ gzip:   468.53 kB
dist/assets/index-a8yE56mT.js                                2,661.32 kB │ gzip:   806.93 kB
dist/assets/typescript-0hq2QUUF.js                           3,588.20 kB │ gzip: 1,027.96 kB

(!) Some chunks are larger than 500 kB after minification. Consider:
- Using dynamic import() to code-split the application
- Use build.rollupOptions.output.manualChunks to improve chunking: https://rollupjs.org/configuration-options/#output-manualchunks
- Adjust chunk size limit for this warning via build.chunkSizeWarningLimit.
✓ built in 25.73s
